src/app/admin/departments/page.tsx(84,29): error TS2339: Property 'email' does not exist on type 'Department'.
src/app/admin/knowledge-base/page.tsx(40,15): error TS2305: Module '"@/types"' has no exported member 'KnowledgeBase'.
